// Jest Snapshot v1, https://goo.gl/fbAQLP

exports[`ng-tailwind schematic should run successfully 1`] = `
Object {
  "0": "/workspace.json",
  "1": "/package.json",
  "2": "/nx.json",
  "3": "/tsconfig.json",
  "4": "/tslint.json",
  "5": "/apps/sample-app/tsconfig.json",
  "6": "/apps/sample-app/ng-tailwind.js",
  "7": "/apps/sample-app/tailwind.config.js",
  "8": "/apps/sample-app/src/tailwind-build.scss",
  "9": "/apps/sample-app/src/tailwind.scss",
}
`;

exports[`ng-tailwind schematic should run successfully 2`] = `
"module.exports = {
    // Tailwind Paths
    configJS: 'apps/sample-app/tailwind.config.js',
    sourceCSS: 'apps/sample-app/src/tailwind-build.scss',
    outputCSS: 'apps/sample-app/src/tailwind.scss',
    // Sass
    sass: true,
    // PurgeCSS Settings
    purge:true,
    keyframes: false,
    fontFace: false,
    rejected: false,
    whitelist: [],
    whitelistPatterns: [],
    whitelistPatternsChildren: [],
    extensions: [
      '.ts',
      '.html',
      '.js'
    ],
    extractors: [],
    content: []
  }
  "
`;
